test/a.h:
test/b.h:
test/a.c: test/a.h
test/a.c: test/b.h
